---
source: crates/sui-prover/tests/integration.rs
expression: output
---
exiting with model building errors
error: unbound module
   ┌─ tests/inputs/spec_paths/wrong_module.move:12:49
   │
12 │     #[mode(spec), ext(spec(prove, target = bar::inc))]
   │                                                 ^^^ Unbound module alias 'inc'
