---
source: crates/sui-prover/tests/integration.rs
expression: output
---
exiting with bytecode transformation errors
error: Specs that cut a recursion cannot be proved: proving one assumes its own contract for the recursive calls, and termination is not checked.
Specs: tree_cut_specs::depth_spec
Drop `prove` so the spec is trusted; its callers are still proven against it.
   ┌─ tests/inputs/recursion_cut_cross_module_proved.fail.move:17:5
   │  
17 │ ╭     fun depth_spec(n: u64): u64 {
18 │ │         requires(n <= 1000);
19 │ │         let result = 0x42::tree::depth(n);
20 │ │         ensures(result == n);
21 │ │         result
22 │ │     }
   │ ╰─────^
