---
source: crates/sui-prover/tests/integration.rs
assertion_line: 298
expression: output
---
exiting with bytecode transformation errors
error: Duplicate invariant declaration for struct: Bar
   ┌─ tests/inputs/inv_paths/duplicate_target.move:31:5
   │  
31 │ ╭     fun foobar(bar: &Bar): bool {
32 │ │         bar.get_values() < 250
33 │ │     }
   │ ╰─────^
