---
source: crates/sui-prover/tests/integration.rs
assertion_line: 298
expression: output
---
exiting with verification errors
error: prover::ensures does not hold
   ┌─ tests/inputs/inv_paths/inv_path.ok.move:32:5
   │
32 │     }
   │     ^
   │
   =     at tests/inputs/inv_paths/inv_path.ok.move:30: increment_spec
