---
source: crates/sui-prover/tests/integration.rs
expression: output
---
exiting with bytecode transformation errors
warning: UID object type not found, dynamic fields will be placed under UID
   ┌─ tests/inputs/dynamic_field/well_foundedness_cycle.fail.move:17:10
   │
17 │     if (!df::exists_(uid, key)) {
   │          ^^^^^^^^^^^^^^^^^^^^^

error: function `foo::set_fee` uses a dynamic field whose value type contains `object::UID`, creating a well-foundedness cycle in the Boogie datatype. This is not yet supported by the prover.
   ┌─ tests/inputs/dynamic_field/well_foundedness_cycle.fail.move:13:1
   │  
13 │ ╭ public fun set_fee(config: &mut GlobalConfig, amount: u64, ctx: &mut TxContext) {
14 │ │     let uid = &mut config.id;
15 │ │     let key = FeeKey {};
16 │ │ 
   · │
28 │ │     *coin_fee = amount;
29 │ │ }
   │ ╰─^

error: function `foo::set_fee_spec` uses a dynamic field whose value type contains `object::UID`, creating a well-foundedness cycle in the Boogie datatype. This is not yet supported by the prover.
   ┌─ tests/inputs/dynamic_field/well_foundedness_cycle.fail.move:32:1
   │  
32 │ ╭ public fun set_fee_spec(config: &mut GlobalConfig, amount: u64, ctx: &mut TxContext) {
33 │ │     set_fee(config, amount, ctx);
34 │ │ }
   │ ╰─^
