---
source: crates/sui-prover/tests/integration.rs
expression: output
---
Verification successful
warning: spec lean_pinned_summary::zero_or_one_spec calls lean_pinned_summary::is_zero, whose spec lean_pinned_summary::is_zero_spec is lean-owned; its summary is not available here
   ┌─ tests/inputs/pure_functions/lean_pinned_summary.warn.move:26:1
   │  
26 │ ╭ fun zero_or_one_spec(x: u64): u64 {
27 │ │     let result = zero_or_one(x);
28 │ │     ensures(result <= 1);
29 │ │     result
30 │ │ }
   │ ╰─^
